// Jest Snapshot v1, https://goo.gl/fbAQLP

exports[`DataViewItem component should render properly 1`] = `
<li
  className="list-group-item"
>
  <h3 />
  <div
    className="d-xs-flex text-sm-center text-xl-left"
  />
</li>
`;
