// Jest Snapshot v1, https://goo.gl/fbAQLP

exports[`Widget component should render properly 1`] = `
<BrowserLocation
  render={[Function]}
/>
`;
