// Jest Snapshot v1, https://goo.gl/fbAQLP

exports[`Icon component should render properly 1`] = `
<i
  className="some-class"
  onClick={[Function]}
/>
`;
